---
source: crates/ir/tests/lower.rs
expression: "ir(&fixture(\"modules_demo.ahk\"))"
---
Module "__Main" (implicit) [0, 276]
  ImportDirective X {Calculate as CalculateX} [0, 35]
  ImportDirective Y {*} [36, 49]
  BinaryExpr ":=" [51, 61]
    left: Identifier "MyVar" [51, 56]
    right: Literal Integer "1" [60, 61]
  CallExpr command [62, 80]
    callee: Identifier "MsgBox" [62, 68]
    arg: CallExpr [68, 80]
      callee: Identifier "Calculate" [68, 78]
  CallExpr command [81, 100]
    callee: Identifier "MsgBox" [81, 87]
    arg: CallExpr [87, 100]
      callee: Identifier "CalculateX" [87, 98]
  CallExpr command [101, 116]
    callee: Identifier "MsgBox" [101, 107]
    arg: CallExpr [107, 116]
      callee: Identifier "Check" [107, 113]
      arg: Literal Integer "3" [114, 115]
  Function "Calculate" => [118, 134]
    body: Literal Integer "1" [133, 134]
Module "X" [136, 145]
  ExportDecl [146, 181]
    decl: Function "Calculate" [153, 181]
      body: Block (1 stmts) [164, 181]
        ReturnStmt [171, 179]
          value: Literal Integer "2" [178, 179]
Module "Y" [183, 192]
  ExportDecl [193, 228]
    decl: Function "Calculate" [200, 228]
      body: Block (1 stmts) [211, 228]
        ReturnStmt [218, 226]
          value: Literal Integer "3" [225, 226]
  ExportDecl [229, 275]
    decl: Function "Check" [236, 275]
      param: "n"
      body: Block (1 stmts) [244, 275]
        ReturnStmt [251, 273]
          value: BinaryExpr "=" [258, 273]
            left: Identifier "n" [258, 259]
            right: CallExpr [262, 273]
              callee: Identifier "Calculate" [262, 271]
