---
source: crates/ir/tests/lower.rs
expression: "ir(\"\\\nclass Point extends Base {\n    static Origin := 0\n    x := 1\n    y := 2\n    Dist => this.x + this.y\n    Move(dx, dy) {\n        this.x += dx\n        this.y += dy\n    }\n    Name {\n        get => this._name\n        set => this._name := value\n    }\n}\n\")"
---
Module "__Main" (implicit) [0, 247]
  ClassDecl "Point" extends Base [0, 246]
    static field: Field "Origin" static [31, 49]
      init: Literal Integer "0" [48, 49]
    field: Field "x" [50, 60]
      init: Literal Integer "1" [59, 60]
    field: Field "y" [61, 71]
      init: Literal Integer "2" [70, 71]
    prop: Property "Dist" [72, 99]
      get: Function "Dist" => [84, 99]
        body: BinaryExpr "+" [84, 99]
          left: MemberAccess [84, 90]
            object: Identifier "this" [84, 88]
            member: Identifier "x" [89, 90]
          right: MemberAccess [93, 99]
            object: Identifier "this" [93, 97]
            member: Identifier "y" [98, 99]
    prop: Property "Name" [171, 244]
      get: Function "Name" => [186, 203]
        body: MemberAccess [193, 203]
          object: Identifier "this" [193, 197]
          member: Identifier "_name" [198, 203]
      set: Function "Name" => [204, 238]
        body: BinaryExpr ":=" [219, 238]
          left: MemberAccess [219, 229]
            object: Identifier "this" [219, 223]
            member: Identifier "_name" [224, 229]
          right: Identifier "value" [233, 238]
    method: Function "Move" [99, 166]
      param: "dx"
      param: "dy"
      body: Block (2 stmts) [116, 166]
        BinaryExpr "+=" [127, 139]
          left: MemberAccess [127, 133]
            object: Identifier "this" [127, 131]
            member: Identifier "x" [132, 133]
          right: Identifier "dx" [137, 139]
        BinaryExpr "+=" [140, 160]
          left: MemberAccess [140, 154]
            object: Identifier "this" [140, 152]
            member: Identifier "y" [153, 154]
          right: Identifier "dy" [158, 160]
