---
source: crates/ir/tests/lower.rs
expression: "ir(\"\\\n; top-level comment\nx := 1  ; trailing comment\nFn() {\n    ; in a function body\n    y := 2\n}\nclass C {\n    ; in a class body\n    M() {\n        ; in a method body\n        z := 3\n    }\n}\nswitch x {\n    case 1:\n        ; in a case body\n        w := 4\n}\n\")"
---
Module "__Main" (implicit) [0, 249]
  Comment [0, 19]
  BinaryExpr ":=" [20, 26]
    left: Identifier "x" [20, 21]
    right: Literal Integer "1" [25, 26]
  Comment [26, 46]
  Function "Fn" [47, 91]
    body: Block (2 stmts) [51, 91]
      Comment [58, 78]
      BinaryExpr ":=" [83, 89]
        left: Identifier "y" [83, 84]
        right: Literal Integer "2" [88, 89]
  ClassDecl "C" [92, 183]
    method: Function "M" [128, 181]
      body: Block (2 stmts) [131, 181]
        Comment [142, 160]
        BinaryExpr ":=" [169, 175]
          left: Identifier "z" [169, 170]
          right: Literal Integer "3" [174, 175]
    nested: Comment [106, 123]
  SwitchStmt [184, 248]
    on: Identifier "x" [191, 192]
    case: CaseClause [199, 246]
      value: Literal Integer "1" [204, 205]
      Comment [215, 231]
      BinaryExpr ":=" [240, 246]
        left: Identifier "w" [240, 241]
        right: Literal Integer "4" [245, 246]
